[  0000] Initalincgro ssycpuset[  0000000]Iniazig cgrou ssycpu[  000000]nialzinggrp ubsys uat
[  0000] Lix rson 4.024genec uidd@l01md4-02 (c ersi 5.0 21609Ubtu 5.0ubtu1~.09) #14UbtuMP W M 23:008 C 18 (un 4.0-1.1-geric 4.1)
[  0000] mmd ne: OTMAE=/bot/liz-4.0-4-neriro=LEL=cudg-otfso nse=tt csoe=tt0   0.000 KNEL suord pus:[  00000  tel Geinntl
[  0.000]  MDutenticA
  0.0000  entaurenurauls[  00000x8fpu: xatofset[2] 56,xstateiz[2: 256  0.0000] 6/pu: SuorngXSAVfeur0x01'x fatinpot gists'[   0.0000x8/fpu: ppting XVEeaure 0x: SEregier
    0000x86/u:uprtinXSE atur0x: VX risrs
[  0.00] x8fp Eabled ta faturs 0x cntexsi i832 te ung 'stda' orma
  0.0000 x/fu: Ungla' FPcoexswites
[  0.0000e80: BS-oved psil M ma
  .00000 BS-820:me0x00000000-0x000009fbff]sae
[  .0000] BS-20 [me0x0000000900x0000000fff] resve
[   0000]IOS-e8: em0x0000000000-00000000fffrerved
  .00000BI-e20: [m 000000010000x000000fefff]sae[  0000] BIOe8: [mm 0000dfff00-0000000dfff] ACPI da   0.0000]IO-e82 [m 000000fe000-0x0000c00fffrervd
[  00000] BS-20 [me0x0000fe00-000000f00f] rerd[   .000  BIOS82 [em 00000fffc00x000000ffff]reserv
  0.00] OS-e20[m 0x00000000000x00011ffff uble  0.0000 N(Ecue Dibl potti: tive[  00000] BI 2.5rent
[  0.00] Hyrvoretecd:VM
[    0000 e82 lt_fn =x100max_chfn 0x40000
[  0.000] MRRDibled
  .00000x8PA MTR dabed, ipngPAT itlitionoo
[  0.0000CP MTR a bnk - vtuizd syem
[  0.0000x8/PAT Conguation -7 W  WTUCUC WB  W  UCUC 
[  00000] e0:ast_n 0xff0 maar_pn = 0x0000
[    00000] foud P -tabe  [m x0009ff0-00fff] mppd t ff880009f0
[  0000] Scain1 reas f l mmoryorupti
[  0000] RDI: mem 0xaa000x377f]
[  0000] AC: rl tablehesu vericio disle
[   0000]CPI:SD0x0000000E00 002(v VBO )[   0.0000ACI:XSDTx00000FF03 000C 01VBOX  VBOXDT0000 A  00001)[  0.000 AI: FP 000000FFF0000F4 04BO  BOAC000000AS 00061
[  0.00] PI: DS 0000000FFF047001FF 02BO  BOIO000002NT201608
[  0.00] PI: FACSx00000DF02 00040
  .0000]CP FAC0x0000DF02 0040  0.00000]CP AIC 00000DFFF02 005 (v0VB  VBOXAP 00001 A  0006
  .0000]CP: SSDTx00000FF2A0001 (1 OX  VBOXUT00002 TL010108
[  .00000 NNUA coigaton fou
  0.0000Faing no a[memx0000000000x00001ffff]
[  00000NO_DTA(0alcad [m 01ff700-01fbfff]  0.0000kv-clock Usingsr 4641 d 4b4d
   0000]vm-cckcp 0, ms1:fef001prar cpu cck
[  0.000] kvmlo: singch ofsetf 851985cyes
[  0.000] cckure: k-cck mas 0ffffffffffma_cycs: 0x1cd42df, x_idle_ns 8599148ns[   0.00] one ng:[  0000]  MA  [mem 00000000000x000000fff
[  0000]  DMA32  [em 0000010000-000000ffff
[    0000   Nma  mem 0x0001000000x0000011fff]
[  0.000]   Dvie empt
[  0000] vae zo srtor eh de
[  0.00] Earlmerynodeans
[  0000] no  : [m 0000000010-00000009ff]  0.00000] ne  0: emx000000010000x0000dfffff]  0.0000  de   0: me 00000010000-00000fffff][   0.0000Initmesep ode 0 emx0000000100-0x00001fffff
  0.0000] PI PM-meIOort:x48[    0.000 IOAC[: ic_i2,eron 3 are 0xf000,GSI 23[   0000ACPIINSR_OVR (us b_irq gbairq 2 l l)
[  0.000] AI:NTSRC_R us bs_ir9 obl_ir9 w vel)
  .00000Usg PI (DT) for MP cfiraon iortin
[  0000] pbt:llowin2 Us 0 hpl CUs
  .0000]M:egster nav memor: emx000000x000fff
[  .0000]M:egisrenoave mo: em 0x09f0-x09ff]
[  0.0000] PMRested navmery: emx0a0000x0eff]  0.00000]M:egster nav memor [m x000000x00fff][   .0000]M: Rgier nosavmery [mem df000-0xffff
[    0000 PM:egteed nose emory:me0x0000-0ebfff]
  .00000] : giterenovememory[m 0xfec000xec00ff
  0.0000PMRegier nave mo: em 0ec000xfeff]
[  00000]M:egtered sa mmory[m 0fee000xfe00fff
[  .0000]M:egisrenove mor [em 0ee00-0xfbff]
[  0.00] PMRested navmery [me0xfc000xffff]  0.0000 e0:[memxe000-0xbfff avaab forPCdece
[   .0000]Bootg raviuazekern oKV
[  0.00] clocoue:refid-ffs: mk:xfffffmacyes: 0xffff maxdlns 7641902568 
  0.0000] tu_peru:R_PUS:51nrpuask_ts12r_cpu_s:nrnodeds
    0.0000] PEPU: beed4 pas/u fff811000 s94481 d318 0476
  .0000]V piock shab entri: 6 order:, 96byte
  .00000 Blt1 zolis  Node de mbili gupg on. ot pges:0356
[    00000] Plicyon Nrmal
[   .0000]Kern cma lin BT_MAGEbo/vinuz.4-1-genicooLABEcldi-roos  csoletycoole=tt0    0000PID shab entri: 96 (de 33268 bes
[   0000]Memoy: 40324/41938K aible 53 krnelod 113K rwat, 96K da, 08K it13K bss,614Kreseed0Kma-rerd)
[  0.00] SL: aln=64Orr=3, Minjes=, CP=2Noes=1[  00000Keel/Ur geableisatn: enabl
  0.0000Hirarchil U mplentio
[   .000] ui-tme ajume o lf no to .   0.000 	U restctg PUs omR_US=512o _cu_id2.[   0.0000RC: Adstg eometrforcu_fautea=64, nr_cpid=2
[   0.00] NRRQ334 nr_is:0 6
[  0.000] Conlecoour VG 825
[  0.000] cnse ty] enle
[   0.000 cnsol[tS0 enabl
  0.000000] tsc: Detected 3311.998 MHz processor
[   28.822781] Calibrating delay loop (skipped) preset value.. 6623.99 BogoMIPS (lpj=13247992)
[   29.074774] pid_max: default: 32768 minimum: 301
[   29.174494] ACPI: Core revision 20150930
[   29.252469] ACPI: 2 ACPI AML tables successfully acquired and loaded
[   29.418285] Security Framework initialized
[   29.534706] Yama: becoming mindful.
[   29.622516] AppArmor: AppArmor initialized
[   29.743172] Dentry cache hash table entries: 524288 (order: 10, 4194304 bytes)
[   29.963985] Inode-cache hash table entries: 262144 (order: 9, 2097152 bytes)
[   30.177777] Mount-cache hash table entries: 8192 (order: 4, 65536 bytes)
[   30.380916] Mountpoint-cache hash table entries: 8192 (order: 4, 65536 bytes)
[   30.595336] Initializing cgroup subsys io
[   30.700131] Initializing cgroup subsys memory
[   30.830828] Initializing cgroup subsys devices
[   30.968109] Initializing cgroup subsys freezer
[   31.101588] Initializing cgroup subsys net_cls
[   31.235293] Initializing cgroup subsys perf_event
[   31.374748] Initializing cgroup subsys net_prio
[   31.512398] Initializing cgroup subsys hugetlb
[   31.648133] Initializing cgroup subsys pids
[   31.770726] CPU: Physical Processor ID: 0
[   31.881785] CPU: Processor Core ID: 0
[   31.989708] FEATURE SPEC_CTRL Not Present
[   32.109688] mce: CPU supports 0 MCE banks
[   32.228534] Last level iTLB entries: 4KB 64, 2MB 8, 4MB 8
[   32.390940] Last level dTLB entries: 4KB 64, 2MB 0, 4MB 0, 1GB 4
[   32.576529] Spectre V2 mitigation: Mitigation: Full generic retpoline
[   32.769539] Spectre V2 mitigation: Speculation control IBPB not-supported IBRS not-supported
[   32.992517] Spectre V2 mitigation: Filling RSB on context switch
[   33.177848] Freeing SMP alternatives memory: 32K
[   33.323681] ftrace: allocating 32202 entries in 126 pages
[   33.524491] smpboot: APIC(0) Converting physical 0 to logical package 0
[   33.722827] smpboot: Max logical packages: 1
[   33.855345] x2apic enabled
[   33.935889] Switched APIC routing to physical x2apic.
[   34.054301] ..TIMER: vector=0x30 apic1=0 pin1=2 apic2=-1 pin2=-1
[   34.343125] smpboot: CPU0: Intel(R) Core(TM) i9-7900X CPU @ 3.30GHz (family: 0x6, model: 0x55, stepping: 0x4)
[   34.632879] Performance Events: unsupported p6 CPU model 85 no PMU driver, software events only.
[   34.889986] KVM setup paravirtual spinlock
[   35.021810] x86: Booting SMP configuration:
[   35.151131] .... node  #0, CPUs:      #1
[   35.25224]] kmmcclock: cpu 1,mmrr 1:1ffef041, secnndayyccuu clock
[   35.521592] mce: CPU supports 0 MCE banks
[   35.702390] x86: Booted up 1 node, 2 CPUs
[   35.821747] smpboot: Total of 2 processors activated (13247.99 BogoMIPS)
[   36.035262] devtmpfs: initialized
[   36.132654] evm: security.selinux
[   36.219902] evm: security.SMACK64
[   36.265727] evm: security.SMACK64EXEC
[   36.369747] evm: security.SMACK64TRANSMUTE
[   36.498392] evm: security.SMACK64MMAP
[   36.604253] evm: security.ima
[   36.691100] evm: security.capability
[   36.801496] clocksource: jiffies: mask: 0xffffffff max_cycles: 0xffffffff, max_idle_ns: 7645041785100000 ns
[   37.096069] futex hash table entries: 512 (order: 3, 32768 bytes)
[   37.279706] pinctrl core: initialized pinctrl subsystem
[   37.361462] RTC time:  5:03:58, date: 05/17/18
[   37.497852] NET: Registered protocol family 16
[   37.634402] cpuidle: using governor ladder
[   37.767485] cpuidle: using governor menu
[   37.877315] PCCT header not found.
[   37.979249] ACPI: bus type PCI registered
[   38.096741] acpiphp: ACPI Hot Plug PCI Controller Driver version: 0.5
[   38.284009] PCI: Using configuration type 1 for base access
[   38.457397] ACPI: Added _OSI(Module Device)
[   38.575401] ACPI: Added _OSI(Processor Device)
[   38.710677] ACPI: Added _OSI(3.0 _SCP Extensions)
[   38.850364] ACPI: Added _OSI(Processor Aggregator Device)
[   39.016877] ACPI: Executed 1 blocks of module-level executable AML code
[   39.208339] ACPI: Interpreter enabled
[   39.317411] ACPI: (supports S0 S5)
[   39.421752] ACPI: Using IOAPIC for interrupt routing
[   39.563615] PCI: Using host bridge windows from ACPI; if necessary, use "pci=nocrs" and report a bug
[   39.808153] ACPI: PCI Root Bridge [PCI0] (domain 0000 [bus 00-ff])
[   39.994738] acpi PNP0A03:00: _OSC: OS supports [ASPM ClockPM Segments MSI]
[   40.195218] acpi PNP0A03:00: _OSC: not requesting OS control; OS requires [ExtendedConfig ASPM ClockPM MSI]
[   40.487198] acpi PNP0A03:00: fail to add MMCONFIG information, can't access extended PCI configuration space under this bridge.
[   40.842292] PCI host bridge to bus 0000:00
[   40.965392] pci_bus 0000:00: root bus resource [io  0x0000-0x0cf7 window]
[   41.166782] pci_bus 0000:00: root bus resource [io  0x0d00-0xffff window]
[   41.371060] pci_bus 0000:00: root bus resource [mem 0x000a0000-0x000bffff window]
[   41.596613] pci_bus 0000:00: root bus resource [mem 0xe0000000-0xfdffffff window]
[   41.801370] pci_bus 0000:00: root bus resource [bus 00-ff]
[   41.964105] pci 0000:00:01.1: legacy IDE quirk: reg 0x10: [io  0x01f0-0x01f7]
[   42.177887] pci 0000:00:01.1: legacy IDE quirk: reg 0x14: [io  0x03f6]
[   42.377299] pci 0000:00:01.1: legacy IDE quirk: reg 0x18: [io  0x0170-0x0177]
[   42.593629] pci 0000:00:01.1: legacy IDE quirk: reg 0x1c: [io  0x0376]
[   42.833884] pci 0000:00:07.0: quirk: [io  0x4000-0x403f] claimed by PIIX4 ACPI
[   43.037098] pci 0000:00:07.0: quirk: [io  0x4100-0x410f] claimed by PIIX4 SMB
[   43.244911] ACPI: PCI Interrupt Link [LNKA] (IRQs 5 9 10 *11)
[   43.397205] ACPI: PCI Interrupt Link [LNKB] (IRQs 5 9 *10 11)
[   43.556893] ACPI: PCI Interrupt Link [LNKC] (IRQs 5 *9 10 11)
[   43.710830] ACPI: PCI Interrupt Link [LNKD] (IRQs 5 9 10 *11)
[   43.864684] ACPI: Enabled 2 GPEs in block 00 to 07
[   44.002120] vgaarb: setting as boot device: PCI:0000:00:02.0
[   44.176373] vgaarb: device added: PCI:0000:00:02.0,decodes=io+mem,owns=io+mem,locks=none
[   44.422121] vgaarb: loaded
[   44.502462] vgaarb: bridge control possible 0000:00:02.0
[   44.661685] SCSI subsystem initialized
[   44.773982] ACPI: bus type USB registered
[   44.888982] usbcore: registered new interface driver usbfs
[   45.056234] usbcore: registered new interface driver hub
[   45.190686] usbcore: registered new device driver usb
[   45.333101] PCI: Using ACPI for IRQ routing
[   45.460214] NetLabel: Initializing
[   45.563263] NetLabel:  domain hash size = 128
[   45.689766] NetLabel:  protocols = UNLABELED CIPSOv4
[   45.840419] NetLabel:  unlabeled traffic allowed by default
[   45.986425] amd_nb: Cannot enumerate AMD northbridges
[   46.040875] clocksource: Switched to clocksource kvm-clock
[   46.129161] AppArmor: AppArmor Filesystem Enabled
  6.61] p:nPCPin
  6.92] p:nPCP fnd3 devices
[   47.09933]] clokksorree  ccpipp::mmss::00ffffff  aax_cyllss  xxffffff  max_ddeenn::2288571122  ss

[   47.95488]] NTT  eeiistrred pooooool aamily 2

[   883349299]TTCP establishedhhss  aabl  nnrrie::337768((rree:: 6  661144bbttss)
[   99001099]]TTPP bnnd aahhttbbleeettiies  22668 oordrr  ,, 54488  yytes)
[   99.611554] TPP  aahh tbbee  coffggrrdd (ssaallisee  2276  iidd332788
[   00227772]]UUPP hss  aabl  nnrrees:2244  oordrr  ,,665536bbttss)
[   00888966]]UUDPLLtte hahh tbbeeeentiiss  2088((rrde::44  6533  byee))

[   514466550]NNTT  Reiittrredppooooool famiyy11

[   519917110]ppii0000::00:0..0:LLmmttin  iieectPPIIPPCIttaassfers

[   22446933]]ppci0000::0000..:: Attvvttin  SSA DM  aangwwrrkarounss

[   33004888]]UUnpcciiggiinitrmmss...
[   446600001]FFeeiing iiirr  eemoyy  0091KK

[   449987860]PPIIDDAA: ssnn  oottaarebbuucc  buffrrnn  fo  OO((SWOOLL))
[   556600226]ssffwwar  OOTTBB [ee  xxdbff000000ddff0000]] (64BB  aappddaa  ffff8800ddff0000--ffff8800dffeffff
[   56.617077] platform rtc_cmos: registered platform RTC device (no PNP device found)
[   56.846907] Scanning for low memory corruption every 60 seconds
[   57.162508] audit: initializing netlink subsys (disabled)
[   57.325406] audit: type=2000 audit(1526533417.943:1): initialized
[   57.473527] Initialise system trusted keyring
[   57.602786] HugeTLB registered 2 MB page size, pre-allocated 0 pages
[   57.801435] tsc: Refined TSC clocksource calibration: 3311.674 MHz
[   57.812012] zbud: loaded
[   57.989808] VFS: Diskuos uo6.0
[   57.989872] VFS: Dquot-cache hash table entries: 512 (order 0, 4096 bytes)
[   57.990384] squashfs: version 4.0 (2009/01/31) Phillip Lougher
[   57.990823] fuse init (API version 7.23)
[   57.991052] Key type big_key registered
[   57.991090] Allocating IMA MOK and blacklist keyrings.
[   57.991533] Key type asymmetric registered
[   57.991538] Asymmetric key parser 'x509' registered
[   57.991605] Block layer SCSI generic (bsg) driver version 0.4 loaded (major 249)
[   57.991655] io scheduler noop registered
[   57.991661] io scheduler deadline registered (default)
[   57.991717] io scheduler cfq registered
[   57.991909] pci_hotplug: PCI Hot Plug PCI Core version: 0.5
[   57.991919] pciehp: PCI Express Hot Plug Controller Driver version: 0.4
[   57.992177] ACPI: AC Adapter [AC] (on-line)
[   57.992282] input: Power Button as /devices/LNXSYSTM:00/LNXPWRBN:00/input/input0
[   57.992287] ACPI: Power Button [PWRF]
[   57.992410] input: Sleep Button as /devices/LNXSYSTM:00/LNXSLPBN:00/input/input1
[   57.992413] ACPI: Sleep Button [SLPF]
[   57.992670] GHES: HEST is not enabled!
[   57.992849] Serial: 8250/16550 driver, 32 ports, IRQ sharing enabled
[   58.135450] 00:02: ttyS0 at I/O 0x3f8 (irq = 4, base_baud = 115200) is a 16550A
[   58.450228] Linux agpgart interface v0.103
[   59.007287] loop: module loaded
[   59.007683] scsi host0: ata_piix
[   59.007723] scsi host1: ata_piix
[   59.007743] ata1: PATA max UDMA/33 cmd 0x1f0 ctl 0x3f6 bmdma 0xd000 irq 14
[   59.007744] ata2: PATA max UDMA/33 cmd 0x170 ctl 0x376 bmdma 0xd008 irq 15
[   59.007804] libphy: Fixed MDIO Bus: probed
[   59.007806] tun: Universal TUN/TAP device driver, 1.6
[   59.007806] tun: (C) 1999-2004 Max Krasnyansky <maxk@qualcomm.com>
[   59.007836] PPP generic driver version 2.4.2
[   59.007879] ehci_hcd: USB 2.0 'Enhanced' Host Controller (EHCI) Driver
[   59.007883] ehci-pci: EHCI PCI platform driver
[   59.007892] ehci-platform: EHCI generic platform driver
[   59.007898] ohci_hcd: USB 1.1 'Open' Host Controller (OHCI) Driver
[   59.007901] ohci-pci: OHCI PCI platform driver
[   59.007907] ohci-platform: OHCI generic platform driver
[   59.007912] uhci_hcd: USB Universal Host Controller Interface driver
[   59.007954] i8042: PNP: PS/2 Controller [PNP0303:PS2K,PNP0f03:PS2M] at 0x60,0x64 irq 1,12
[   59.181813] serio: i8042 KBD port at 0x60,0x64 irq 1
[   59.181824] serio: i8042 AUX port at 0x60,0x64 irq 12
[   59.182085] mousedev: PS/2 mouse device common for all mice
[   59.182738] rtc_cmos rtc_cmos: rtc core: registered rtc_cmos as rtc0
[[  59.182867] rtc_cmos rtc_cmos: alarms up to one day, 114 bytes nvram
[   59.182882] i2c /dev entries driver
[   59.182990] device-mapper: uevent: version 1.0.3
[   59.183095] device-mapper: ioctl: 4.34.0-ioctl (2015-10-28) initialised: dm-devel@redhat.com
[   59.183124] ledtrig-cpu: registered to indicate activity on CPUs
[   59.183669] NET: Registered protocol family 10
[   59.183947] NET: Registered protocol family 17
[   59.183962] Key type dns_resolver registered
[   59.184418] registered taskstats version 1
[   59.184455] Loading compiled-in X.509 certificates
[   59.185879] Loaded X.509 cert 'Build time autogenerated kernel key: 97a7db5071cab428e7f67f96f51ed8d32b3fc527'
[   59.185913] zswap: loaded using pool lzo/zbud
[   59.188843] Key type trusted registered
[   59.193337] Key type encrypted registered
[   59.193345] AppArmor: AppArmor sha1 policy hashing enabled
[   59.193350] ima: No TPM chip found, activating TPM-bypass!
[   59.193377] evm: HMAC attrs: 0x1
[   59.193740]   Magic number: 2:312:62
[   59.485963] rtc_cmos rtc_cmos: setting system clock to 2018-05-17 05:04:20 UTC (1526533460)
[   59.486130] BIOS EDD facility v0.16 2004-Jun-25, 0 devices found
[   59.486131] EDD information not available.
[   60.009543] input: AT Translated Set 2 keyboard as /devices/platform/i8042/serio0/input/input2
[   69.142886]ccookkoouree: ss:: mas::00ffffffffffffffff  aax_yylles  xxffcc00cc35,,mmxx_ill__ss: 447795220055nns
[   70.111925] Freeing unused kernel memory: 1508K
[   70.489789] Write protecting the kernel read-only data: 14336k
[   70.981982] Freeing unused kernel memory: 1696K
[   71.331033] Freeing unused kernel memory: 100K
Loading, please wait...
starting version[   71.680108] random: systemd-udevd: uninitialized urandom read (16 bytes read, 11 bits of entropy available)
 229
[   71.681482] random: udevadm: uninitialized urandom read (16 bytes read, 11 bits of entropy available)
[   71.681518] random: udevadm: uninitialized urandom read (16 bytes read, 11 bits of entropy available)
[   71.691329] random: udevadm: uninitialized urandom read (16 bytes read, 11 bits of entropy available)
[   71.691377] random: udevadm: uninitialized urandom read (16 bytes read, 11 bits of entropy available)
[   71.691521] random: udevadm: uninitialized urandom read (16 bytes read, 11 bits of entropy available)
[   71.691572] random: udevadm: uninitialized urandom read (16 bytes read, 11 bits of entropy available)
[   71.691624] random: udevadm: uninitialized urandom read (16 bytes read, 11 bits of entropy available)
[   71.691675] random: udevadm: uninitialized urandom read (16 bytes read, 11 bits of entropy available)
[   71.691724] random: udevadm: uninitialized urandom read (16 bytes read, 11 bits of entropy available)
[   78.916837] e1000: Intel(R) PRO/1000 Network Driver - version 7.3.21-k8-NAPI
[   79.220985] e1000: Copyright (c) 1999-2006 Intel Corporation.
[   79.489025] Fusion MPT base driver 3.04.20
[   79.670886] Copyright (c) 1999-2008 LSI Corporation
[   79.863845] AVX2 version of gcm_enc/dec engaged.
[   80.230946] AES CTR mode by8 optimization enabled
[   80.372125] Fusion MPT SPI Host driver 3.04.20
[   80.531724] e1000 0000:00:03.0 eth0: (PCI:33MHz:32-bit) 02:ee:24:bb:8a:f6
[   81.070962] e1000 0000:00:03.0 eth0: Intel(R) PRO/1000 Network Connection
[   81.594340] input: ImExPS/2 Generic Explorer Mouse as /devices/platform/i8042/serio1/input/input4
[   81.595020] e1000 0000:00:03.0 enp0s3: renamed from eth0
[   81.596632] mptbase: ioc0: Initiating bringup
[   83.085479] ioc0: LSI53C1030 A0: Capabilities={Initiator}
[   84.002960] scsi host2: ioc0: LSI53C1030 A0, FwRev=00000000h, Ports=1, MaxQ=256, IRQ=20
[   84.761569] scsi 2:0:0:0: Direct-Access     VBOX     HARDDISK         1.0  PQ: 0 ANSI: 5
[   85.192554] scsi target2:0:0: Beginning Domain Validation
[   85.351593] scsi target2:0:0: Domain Validation skipping write tests
[   85.510706] scsi target2:0:0: Ending Domain Validation
[   85.665750] scsi target2:0:0: asynchronous
[   85.789743] scsi 2:0:1:0: Direct-Access     VBOX     HARDDISK         1.0  PQ: 0 ANSI: 5
[   86.036196] scsi target2:0:1: Beginning Domain Validation
[   86.205024] scsi target2:0:1: Domain Validation skipping write tests
[   86.397509] scsi target2:0:1: Ending Domain Validation
[   86.546380] scsi target2:0:1: asynchronous
[   86.667103] sd 2:0:0:0: Attached scsi generic sg0 type 0
[   86.830625] sd 2:0:0:0: [sda] 20971520 512-byte logical blocks: (10.7 GB/10.0 GiB)
[   86.830960] sd 2:0:1:0: [sdb] 20480 512-byte logical blocks: (10.5 MB/10.0 MiB)
[   86.831077] sd 2:0:1:0: [sdb] Write Protect is off
[   86.831153] sd 2:0:1:0: [sdb] Incomplete mode parameter data
[   86.831154] sd 2:0:1:0: [sdb] Assuming drive cache: write through
[   87.430210] sd 2:0:1:0: Attached scsi generic sg1 type 0
[   87.433275] sd 2:0:1:0: [sdb] Attached SCSI disk
[   90.129921] sd 2:0:0:0: [sda] Write Protect is off
[   90.132048] sd 2:0:0:0: [sda] Incomplete mode parameter data
[   90.134213] sd 2:0:0:0: [sda] Assuming drive cache: write through
[   90.139126]  sda: sda1
[   90.141488] sd 2:0:0:0: [sda] Attached SCSI disk
Begin: Loading e[   91.427762] md: linear personality registered for level -1
ssential drivers ... [   91.981862] md: multipath personality registered for level -4
[   92.383424] md: raid0 personality registered for level 0
[   92.792037] md: raid1 personality registered for level 1
[   93.272937] raid6: sse2x1   gen()  7975 MB/s
[   93.460927] raid6: sse2x1   xor()  6479 MB/s
[   93.652933] raid6: sse2x2   gen() 13284 MB/s
[   93.840925] raid6: sse2x2   xor()  8205 MB/s
[   94.032940] raid6: sse2x4   gen() 13772 MB/s
[   94.220985] raid6: sse2x4   xor()  7872 MB/s
[   94.416989] raid6: avx2x1   gen() 21433 MB/s
[   94.608985] raid6: avx2x2   gen() 27152 MB/s
[   94.805011] raid6: avx2x4   gen() 30046 MB/s
[   94.933197] raid6: using algorithm avx2x4 gen() 30046 MB/s
[   95.098533] raid6: using avx2x2 recovery algorithm
[   95.245231] xor: automatically using best checksumming function:
[   95.830855]    avx       : 52180.000 MB/sec
[   96.151949] async_tx: api initialized (async)
[   96.289147] md: raid6 personality registered for level 6
[   96.449435] md: raid5 personality registered for level 5
[   96.609412] md: raid4 personality registered for level 4
[   96.772176] md: raid10 personality registered for level 10
done.
Begin: Running /scripts/init-premount ... done.
Begin: Mounting root file system ... Begin: Running /scripts/local-top ... done.
Begin: Running /scripts/local-premount ... [   97.235778] Btrfs loaded
Scanning for Btrfs filesystems
done.
Warning: fsck no[   97.441704] EXT4-fs (sda1): mounted filesystem with ordered data mode. Opts: (null)
t present, so skipping root file system
done.
Begin: Running /scripts/local-bottom ... done.
Begin: Running /scripts/init-bottom ... done.
[   77880788]]ssyseedd11]:sssseedd2229rrnniingii  yystmmmmdd.. (PPMM++AUII  SSLLINXX++MMA AAPPRROOR SSAAKK++SYVVNNTT++TTPP++LICCYYTTSETU  GGCRPP  GGUUTL  AALL++XZ--ZZ  +SCCOOPP +LLII  +EFFTTLLS KKOO  -INN
[   996677883]sssseemd11::DDetccee  iittualiaaiinn orall..

[  1001166332]sssseemd[1::DDttecee  rrchttectueexx66-6..


Welcome to [1mUbuntu 16.04.4 LTS[0m!

[  100.637711  syttmm[[1]  ee  hottaaee t  uuuunt>>
[  111008800]] ssseedd[1::IIiitillzznng aahhnne DDffoo  raddmmggenrrttrr.
[ 1111771933]]sssstedd11:: Issaalled taasseent /tt//aahhin--ddffll..
[ 1122331199]]rranoo::nnonllcciingppoo  isiiiiiialzzdd

[  102.96699]] ssseedd[1::LLssteiiggoo  SyllggSScceet.

[[0;32m  OK  [0m] Listening on Syslog Socket.
[  103.446658] systemd[1]: Reached target Encrypted Volumes.
[[0;32m  OK  [0m] Reached target Encrypted Volumes.
[  103.451058] systemd[1]: Created slice System Slice.
[[0;32m  OK  [0m] Created slice System Slice.
[  103.454754] systemd[1]: Listening on Journal Socket (/dev/log).
[[0;32m  OK  [0m] Listening on Journal Socket (/dev/log).
[  103.458916] systemd[1]: Created slice system-serial\x2dgetty.slice.
[[0;32m  OK  [0m] Created slice system-serial\x2dgetty.slice.
[  103.462773] systemd[1]: Started Forward Password Requests to Wall Directory Watch.
[[0;32m  OK  [0m] Started Forward Password Requests to Wall Directory Watch.
[  103.467448] systemd[1]: Started Trigger resolvconf update for networkd DNS.
[[0;32m  OK  [0m] Started Trigger resolvconf update for networkd DNS.
[  103.470832] systemd[1]: Listening on Journal Socket.
[[0;32m  OK  [0m] Listening on Journal Socket.
[  103.45511]]ssyseedd11:: Saattnn  Uncoppiiaaeed iieeaall..
         Starting Uncomplicated firewall...
[  104.021712] systemd[1]: Mounting POSIX Message Queue File System...
         Mounting POSIX Message Queue File System...
[  104.025878] systemd[1]: Listening on udev Kernel Socket.
[[0;32m  OK  [0m] Listening on udev Kernel Socket.
[  104.029842] systemd[1]: Set up automount Arbitrary Executable File Formats File System Automount Point.
[[0;32m  OK  [0m] Set up automount Arbitrary Executab...ats File System Automount Point.
[  104.038921] systemd[1]: Listening on /dev/initctl Compatibility Named Pipe.
[[0;32m  OK  [0m] Listening on /dev/initctl Compatibility Named Pipe.
[  104.043322  yystmm[[]]  iistnnnng onLLMM  oollddeeoo  sokktt
[[0;32m  OK  [0m] Listening on LVM2 poll daemon socket.
[  104558455]]sssstedd11:: Lsseeiingoo  ddevCCnnrrolSSccke..

[[0;32m  OK  [0m] Listening on udev Control Socket.
[  1051133991]sssseedd11::MMouttnn  uueePPagssFFll  yyttmm..
         Mounting Huge Pages File System...
[  105.679666  yystmm[[]]: eecceed aaggtt Sysee  TieeSSnnchooiieed.

[[0;32m  OK  [0m] Reached target System Time Synchronized.
[  106.229944] yyttmmd[]]  oouniiggDDebugFFll  Syttmm..
         Mounting Debug File System...
[  106.692537  yyttem[[]]  Craaee  slcc  sseraadd SesiinnSSlice
[[0;32m  OK  [0m] Created slice User and Session Slice.
[  107.192904] systemd[1]: Starting Load Kernel Modules...
[  107.391277] Loading iSCSI transport class v2.0-870.
         [  107.659240] iscsi: registered transport (tcp)
Starting Load Kernel Modules...[  107.809582] iscsi: registered transport (iser)

[  107.98877]]ssyseedd11]:RRaahhedttrreet wwpp
[[0;32m  OK  [0m] Reached target Swap.
[  108.338799] systemd[1]: Listening on Journal Audit Socket.
[[0;32m  OK  [0m] Listening on Journal Audit Socket.
[  108.353300] systemd[1]: Starting Journal Service...
         Starting Journal Service...
[  108.357916] systemd[1]: Starting Set console keymap...
         Starting Set console keymap...
[  108.361533] systemd[1]: Listening on LVM2 metadata daemon socket.
[[0;32m  OK  [0m] Listening on LVM2 metadata daemon socket.
[  108.367433] systemd[1]: Starting Nameserver information manager...
         Starting Nameserver information manager...
[  108.370544] ssseedd11]:RReahhddttaree  sseraaddGGroppNNmme ookkpps.

[[0;32m  OK  [0m] Reached target User and Group Name Lookups.
[  108.999068]ssyseedd11]:SSaattnng Craaeellsst ffrrqquiee  tttticddvvcce ooee  for hh  uurrnn  eernll..
         Starting Create list of required st... nodes for the current kernel...
[  109.87777]] ssseedd[1::RRaahhedttrree  Slicss.
[[0;32m  OK  [0m] Reached target Slices.
[  110.206788  yystem[[]]  iistnnnn  onDDvvcce-aapprr eeettddaeoon FIOOs.
[[0;32m  OK  [0m] Listening on Device-mapper event daemon FIFOs.
[  110.793121] ssseemd11::SStattnn  Moiiooiingoo  VV22mmirooss  nnaphhtt  et..uuiingddeeeent  rrpprorrss  pollnn....

         Starting Monitoring of LVM2 mirrors... dmeventd or progress polling...
[  111.729773] systemd[1]: Starting Remount Root and Kernel File Systems...
         Starting Remount Root and Kernel File Systems...
[  111.738211] EXT4-fs (sda1): re-mounted. Opts: (null)
[  111.739559] systemd[1]: Mounted POSIX Message Queue File System.
[[0;32m  OK  [0m] Mounted POSIX Message Queue File System.
[  111.745174] systemd[1]: Mounted Debug File System.
[[0;32m  OK  [0m] Mounted Debug File System.
[  111.748739] systemd[1]: Mounted Huge Pages File System.
[[0;32m  OK  [0m] Mounted Huge Pages File System.
[  111.753421] systemd[1]: Started Journal Service.
[[0;32m  OK  [0m] Started Journal Service.
[[0;32m  OK  [0m] Started Uncomplicated firewall.
[[0;32m  OK  [0m] Started Load Kernel Modules.
[[0;32m  OK  [0m] Started Set console keymap.
[[0;32m  OK  [0m] Started Create list of required sta...ce nodes for the current kernel.
[[0;32m  OK  [0m] Started Remount Root and Kernel File Systems.
[[0;32m  OK  [0m] Started Nameserver information manager.
[[0;32m  OK  [0m] Started LVM2 metadata daemon.
         Starting udev Coldplug all Devices...
         Starting Initial cloud-init job (pre-networking)...
         Starting Load/Save Random Seed...
         Starting Create Static Device Nodes in /dev...
         Mounting FUSE Control File System...
         Starting Apply Kernel Variables...
         Starting Flush Journal to Persistent Storage...
[[0;32m  OK  [0m] Mounted FUSE Control File System.
[[0;32m  OK  [0m] Started Load/Save Random Seed.
[[0;32m  OK  [0m] Started Create Static Device Nodes in /dev.
[[0;32m  OK  [0m] Started Apply Kernel Variables.
[[0;32m  OK  [0m] Started udev Coldplug all Devices.
         Starting udev Kernel Device Manager...
[[0;32m  OK  [0m] Started udev Kernel Device Manager.
[[0;32m  OK  [0m] Started Flush Journal to Persistent Storage.
[[0;32m  OK  [0m] Started Monitoring of LVM2 mirrors,...ng dmeventd or progress polling.
[[0;32m  OK  [0m] Found device /dev/ttyS0.
[   67.704820] cloud-init[439]: Cloud-init v. 18.2 running 'init-local' at Thu, 17 May 2018 05:05:13 +0000. Up 67.46 seconds.
[[0;32m  OK  [0m] Started Initial cloud-init job (pre-networking).
[[0;32m  OK  [0m] Listening on Load/Save RF Kill Switch Status /dev/rfkill Watch.
[[0;32m  OK  [0m] Reached target Network (Pre).
[[0;32m  OK  [0m] Started Dispatch Password Requests to Console Directory Watch.
[[0;32m  OK  [0m] Reached target Local File Systems (Pre).
[[0;32m  OK  [0m] Reached target Local File Systems.
         Starting Commit a transient machine-id on disk...
         Starting Create Volatile Files and Directories...
         Starting Set console font and keymap...
         Starting Tell Plymouth To Write Out Runtime Data...
         Starting LSB: AppArmor initialization...
[[0;32m  OK  [0m] Started Create Volatile Files and Directories.
[[0;32m  OK  [0m] Started Tell Plymouth To Write Out Runtime Data.
[[0;32m  OK  [0m] Started Commit a transient machine-id on disk.
         Starting Update UTMP about System Boot/Shutdown...
[[0;32m  OK  [0m] Started Update UTMP about System Boot/Shutdown.
[[0;32m  OK  [0m] Started Set console font and keymap.
[[0;32m  OK  [0m] Created slice system-getty.slice.
[[0;32m  OK  [0m] Started LSB: AppArmor initialization.
         Starting Raise network interfaces...
[[0;32m  OK  [0m] Started Raise network interfaces.
         Starting Initial cloud-init job (metadata service crawler)...
[[0;32m  OK  [0m] Reached target Network.
[   69.556302] cloud-init[921]: Cloud-init v. 18.2 running 'init' at Thu, 17 May 2018 05:05:15 +0000. Up 68.98 seconds.
[   69.604240] cloud-init[921]: ci-info: +++++++++++++++++++++++++++++++++++++Net device info++++++++++++++++++++++++++++++++++++++
[   69.604650] cloud-init[921]: ci-info: +--------+------+----------------------------+---------------+-------+-------------------+
[   69.604906] cloud-init[921]: ci-info: | Device |  Up  |          Address           |      Mask     | Scope |     Hw-Address    |
[   69.605184] cloud-init[921]: ci-info: +--------+------+----------------------------+---------------+-------+-------------------+
[   69.605461] cloud-init[921]: ci-info: | enp0s3 | True |         10.0.2.15          | 255.255.255.0 |   .   | 02:ee:24:bb:8a:f6 |
[   69.605714] cloud-init[921]: ci-info: | enp0s3 | True | fe80::ee:24ff:febb:8af6/64 |       .       |  link | 02:ee:24:bb:8a:f6 |
[   69.605970] cloud-init[921]: ci-info: |   lo   | True |         127.0.0.1          |   255.0.0.0   |   .   |         .         |
[[0;32m  OK  [0m] Started Initial cloud-init job (metadata service crawler).
[   69.606234] cloud-init[921]: ci-info: |   lo   | True |          ::1/128           |       .       |  host |         .         |
[[   69.631863] cloud-init[921]: ci-info: +--------+------+----------------------------+---------------+-------+-------------------+
[   69.632408] cloud-init[921]: ci-info: +++++++++++++++++++++++++++Route IPv4 info++++++++++++++++++++++++++++
[   69.632588] cloud-init[921]: ci-info: +-------+-------------+----------+---------------+-----------+-------+
[   69.632788] cloud-init[921]: ci-info: | Route | Destination | Gateway  |    Genmask    | Interface | Flags |
[   69.632977] cloud-init[921]: ci-info: +-------+-------------+----------+---------------+-----------+-------+
[0;32m  OK  [0m] Reached target Network is Online.
[   69.633194] cloud-init[921]: ci-info: |   0   |   0.0.0.0   | 10.0.2.2 |    0.0.0.0    |   enp0s3  |   UG  |
[   69.657232] cloud-init[921]: ci-info: |   1   |   10.0.2.0  | 0.0.0.0  | 255.255.255.0 |   enp0s3  |   U   |
[   69.659644] cloud-init[921]: ci-info: +-------+-------------+----------+---------------+-----------+-------+
[   69.663346] cloud-init[921]: Generating public/private rsa key pair.
[   69.665210] cloud-init[921]: Your identification has been saved in /etc/ssh/ssh_host_rsa_key.
[   69.667439] cloud-init[921]: Your public key has been saved in /etc/ssh/ssh_host_rsa_key.pub.
[   69.670244] cloud-init[921]: The key fingerprint is:
[   69.670763] cloud-init[921]: SHA256:7ZdHaXWPZeKKxufGE7AXCQVBtPaTyDEa2B+auwb98bc root@ubuntu-xenial
[   69.671219] cloud-init[921]: The key's randomart image is:
[   69.671671] cloud-init[921]: +---[RSA 2048]----+
[   69.672200] cloud-init[921]: |         o=+.    |
[   69.672604] cloud-init[921]: |       o  ..     |
[   69.672845] cloud-init[921]: |      . o *. .. =|
[   69.673141] cloud-init[921]: |         X.*oo Bo|
[   69.673392] cloud-init[921]: |       .S =o+.* .|
[   69.673621] cloud-init[921]: |      . .+o.o*   |
[   69.673850] cloud-init[921]: |       ...===..  |
[   69.674091] cloud-init[921]: |        .o.+=..  |
[   69.674323] cloud-init[921]: |       ..  ..oE. |
[   69.674894] cloud-init[921]: +----[SHA256]-----+
[   69.675234] cloud-init[921]: Generating public/private dsa key pair.
[   69.675685] cloud-init[921]: Your identification has been saved in /etc/ssh/ssh_host_dsa_key.
[   69.676397] cloud-init[921]: Your public key has been saved in /etc/ssh/ssh_host_dsa_key.pub.
[   69.676591] cloud-init[921]: The key fingerprint is:
[   69.676646] cloud-init[921]: SHA256:b8OH0q27hkdYvTC7GRp0ZyyVIODnV5N/2W/Hwqn3n0w root@ubuntu-xenial
[   69.676703] cloud-init[921]: The key's randomart image is:
[   69.676763] cloud-init[921]: +---[DSA 1024]----+
[   69.676816] cloud-init[921]: |      ... .. .   |
[   69.676871] cloud-init[921]: |     .   .  o.   |
[   69.676925] cloud-init[921]: |      . .  ++    |
[   69.676981] cloud-init[921]: |       o. *.=o  o|
[   69.677034] cloud-init[921]: |       .S+.B ...o|
[   69.677086] cloud-init[921]: |        o=+o.. +.|
[   69.677153] cloud-init[921]: |        .=B+o +E=|
[   69.677206] cloud-init[921]: |        oo=+ .+oo|
[   69.677263] cloud-init[921]: |         o+o.. ++|
[   69.677318] cloud-init[921]: +----[SHA256]-----+
         Starting iSCSI initiator daemon (iscsid)...
[   69.677371] cloud-init[921]: Generating public/private ecdsa key pair.
[   69.746912] cloud-init[921]: Your identification has been saved in /etc/ssh/ssh_host_ecdsa_key.
[   69.747359] cloud-init[921]: Your public key has been saved in /etc/ssh/ssh_host_ecdsa_key.pub.
[   69.747801] cloud-init[921]: The key fingerprint is:
[[0;32m  OK  [0m] Reached target Cloud-config availability.
[[   69.748501] cloud-init[921]: SHA256:XD23a33ABOmcy/nq/ifbFRahkcH0D+Lz5Egs9WERF7c root@ubuntu-xenial
[   69.761434] cloud-init[921]: The key's randomart image is:
[   69.761910] cloud-init[921]: +---[ECDSA 256]---+
[   69.762185] cloud-init[921]: |            +==++|
[   69.762454] cloud-init[921]: |           ..++o+|
[   69.762725] cloud-init[921]: |          .o=o*E |
[   69.763010] cloud-init[921]: |       . . ++O +o|
[   69.763272] cloud-init[921]: |        S ..=o*o.|
[   69.763543] cloud-init[921]: |           o+*.+.|
[   69.763817] cloud-init[921]: |            ..= +|
[   69.764181] cloud-init[921]: |             .o.+|
[   69.764380] cloud-init[921]: |           o+oo+.|
[   69.764647] cloud-init[921]: +----[SHA256]-----+
[   69.764917] cloud-init[921]: Generating public/private ed25519 key pair.
[   69.765201] cloud-init[921]: Your identification has been saved in /etc/ssh/ssh_host_ed25519_key.
[   69.765475] cloud-init[921]: Your public key has been saved in /etc/ssh/ssh_host_ed25519_key.pub.
[   69.765745] cloud-init[921]: The key fingerprint is:
[   69.766018] cloud-init[921]: SHA256:lVo794zX+E9jFCNfYgpmp0TmcJz3VvB2qNtOpibYyEU root@ubuntu-xenial
[   69.766300] cloud-init[921]: The key's randomart image is:
[   69.766564] cloud-init[921]: +--[ED25519 256]--+
[   69.766837] cloud-init[921]: |        ..+.  .. |
[0;32m  OK  [0m] Reached target System Initialization.
[[   69.767099] cloud-init[921]: |         *o..  o.|
[   69.813217] cloud-init[921]: |          X..o++=|
[   69.813678] cloud-init[921]: |         BE= +=o=|
[   69.813955] cloud-init[921]: |        S.+ +. o |
[   69.814224] cloud-init[921]: |          .o *.o |
[   69.814497] cloud-init[921]: |       . =  o Ooo|
[   69.814769] cloud-init[921]: |        + o .*.o.|
[   69.815041] cloud-init[921]: |           o. . +|
[   69.815313] cloud-init[921]: +----[SHA256]-----+
[0;32m  OK  [0m] Started Daily Cleanup of Temporary Directories.
         Starting Socket activation for snappy daemon.
[[0;32m  OK  [0m] Listening on UUID daemon activation socket.
         Starting LXD - unix socket.
[[0;32m  OK  [0m] Listening on ACPID Listen Socket.
[[0;32m  OK  [0m] Started Daily apt download activities.
[[0;32m  OK  [0m] Listening on D-Bus System Message Bus Socket.
[[0;32m  OK  [0m] Started Daily apt upgrade and clean activities.
[[0;32m  OK  [0m] Reached target Timers.
[[0;32m  OK  [0m] Started ACPI Events Check.
[[0;32m  OK  [0m] Reached target Paths.
[[0;32m  OK  [0m] Listening on Socket activation for snappy daemon.
[[0;32m  OK  [0m] Listening on LXD - unix socket.
[[0;32m  OK  [0m] Started iSCSI initiator daemon (iscsid).
         Starting Login to default iSCSI targets...
[[0;32m  OK  [0m] Reached target Sockets.
[[0;32m  OK  [0m] Reached target Basic System.
[[0;32m  OK  [0m] Started FUSE filesystem for LXC.
[[0;32m  OK  [0m] Started D-Bus System Message Bus.
         Starting LSB: MD monitoring daemon...
         Starting LXD - container startup/shutdown...
         Starting /etc/rc.local Compatibility...
[[0;32m  OK  [0m] Started Unattended Upgrades Shutdown.
         Starting Virtualbox guest utils...
         Starting Login Service...
         Starting Apply the settings specified in cloud-config...
[[0;32m  OK  [0m] Started Regular background program processing daemon.
         Starting System Logging Service...
[[0;32m  OK  [0m] Started ACPI event daemon.
         Starting Pollinate to seed the pseudo random number generator...
         Starting Accounts Service...
[[0;32m  OK  [0m] Started Deferred execution scheduler.
         Starting LSB: Record successful boot for GRUB...
         Starting Snappy daemon...
[[0;32m  OK  [0m] Started System Logging Service.
[[0;32m  OK  [0m] Started LXD - container startup/shutdown.
[[0;32m  OK  [0m] Started /etc/rc.local Compatibility.
[   70.314475] cloud-init[1045]: Generating locales (this might take a while)...
[[0;32m  OK  [0m] Started Login to default iSCSI targets.
[[0;32m  OK  [0m] Started LSB: MD monitoring daemon.
[[0;32m  OK  [0m] Started Snappy daemon.
[[0;32m  OK  [0m] Started LSB: Record successful boot for GRUB.
[[0;32m  OK  [0m] Started Virtualbox guest utils.
[[0;32m  OK  [0m] Started Login Service.
         Starting Authenticate and Authorize Users to Run Privileged Tasks...
[[0;32m  OK  [0m] Reached target Remote File Systems (Pre).
[[0;32m  OK  [0m] Reached target Remote File Systems.
         Starting Permit User Sessions...
         Starting LSB: daemon to balance interrupts for SMP systems...
         Starting LSB: automatic crash report generation...
         Starting LSB: Set the CPU Frequency Scaling governor to "ondemand"...
[[0;32m  OK  [0m] Started Permit User Sessions.
[[0;32m  OK  [0m] Started Authenticate and Authorize Users to Run Privileged Tasks.
[[0;32m  OK  [0m] Started Accounts Service.
         Starting Terminate Plymouth Boot Screen...
         Starting Hold until boot process finishes up...
[[0;32m  OK  [0m] Started LSB: daemon to balance interrupts for SMP systems.
[[0;32m  OK  [0m] Started LSB: automatic crash report generation.
[[0;32m  OK  [0m] Started LSB: Set the CPU Frequency Scaling governor to "ondemand".
[[0;32m  OK  [0m] Started Terminate Plymouth Boot Screen.
[[0;32m  OK  [0m] Started Hold until boot process finishes up.
         Starting Set console scheme...
[   70.943022] cloud-init[1045]:   en_US.UTF-8... done
[[0;32m  OK  [0m] Started Serial Getty on ttyS0.
[   70.964394] cloud-init[1045]: Generation complete.
[[0;32m  OK  [0m] Started Getty on tty1.
[[0;32m  OK  [0m] Reached target Login Prompts.
[[0;32m  OK  [0m] Started Set console scheme.
[   71.213901] cloud-init[1045]: Cloud-init v. 18.2 running 'modules:config' at Thu, 17 May 2018 05:05:16 +0000. Up 70.20 seconds.
[[0;32m  OK  [0m] Started Apply the settings specified in cloud-config.
[[0;32m  OK  [0m] Started Pollinate to seed the pseudo random number generator.
         Starting OpenBSD Secure Shell server...
[[0;32m  OK  [0m] Started OpenBSD Secure Shell server.
[[0;32m  OK  [0m] Reached target Multi-User System.
         Starting Execute cloud user/final scripts...
[[0;32m  OK  [0m] Reached target Graphical Interface.
         Starting Update UTMP about System Runlevel Changes...
[[0;32m  OK  [0m] Started Update UTMP about System Runlevel Changes.
ci-info: no authorized ssh keys fingerprints found for user ubuntu.
<14>May 17 05:05:18 ec2: 
<14>May 17 05:05:18 ec2: #############################################################
<14>May 17 05:05:18 ec2: -----BEGIN SSH HOST KEY FINGERPRINTS-----
<14>May 17 05:05:18 ec2: 1024 SHA256:b8OH0q27hkdYvTC7GRp0ZyyVIODnV5N/2W/Hwqn3n0w root@ubuntu-xenial (DSA)
<14>May 17 05:05:18 ec2: 256 SHA256:XD23a33ABOmcy/nq/ifbFRahkcH0D+Lz5Egs9WERF7c root@ubuntu-xenial (ECDSA)
<14>May 17 05:05:18 ec2: 256 SHA256:lVo794zX+E9jFCNfYgpmp0TmcJz3VvB2qNtOpibYyEU root@ubuntu-xenial (ED25519)
<14>May 17 05:05:18 ec2: 2048 SHA256:7ZdHaXWPZeKKxufGE7AXCQVBtPaTyDEa2B+auwb98bc root@ubuntu-xenial (RSA)
<14>May 17 05:05:18 ec2: -----END SSH HOST KEY FINGERPRINTS-----
<14>May 17 05:05:18 ec2: #############################################################
-----BEGIN SSH HOST KEY KEYS-----
ecdsa-sha2-nistp256 AAAAE2VjZHNhLXNoYTItbmlzdHAyNTYAAAAIbmlzdHAyNTYAAABBBHi+F/a120SjgvBPpqxEq0YsZmQm5FIxLe4MGg6OOtPkHwxzdbpe5i5PZGDUJlWyfxwYg5iWlu2fAcWKqaDfVuU= root@ubuntu-xenial
ssh-ed25519 AAAAC3NzaC1lZDI1NTE5AAAAINvz3/ylzZQf6rGlGTFJqd4VQ4FzRhmg5xzOJzXmi75R root@ubuntu-xenial
ssh-rsa AAAAB3NzaC1yc2EAAAADAQABAAABAQDOCIb9aEUEU+T9qMosErZ0GkWrQagvT+6TgeW2BgULRzknm/q4vdBUz9mMLWvyb9guG2T8HPMVgd0imxtZKA7ZZlbHHifkt0/csvpOiU/vhsBzoNEXQX3Hr4NqBwBKmwM9aAC/DHhXHwjMPRIS3h518AnMAF/yVrRpMsqe1Sgjqp3XV4i76lY2G12xxFM9PXnnIHNs8c/5DU+r3fc2BFbPZeQwqeyoVLro1JShKXVe/oMobBoHvmCWHAOxRy1VAwo7+nQw5gLmx3PfhqNIS+B7vBHyGObOUJnCtfJdSrnejApqu8iyO9N8mf6sV75140mpwptsOoaJaVulHj8znwwj root@ubuntu-xenial
-----END SSH HOST KEY KEYS-----
[   72.162636] cloud-init[1276]: Cloud-init v. 18.2 running 'modules:final' at Thu, 17 May 2018 05:05:18 +0000. Up 71.96 seconds.
[   72.169096] cloud-init[1276]: ci-info: no authorized ssh keys fingerprints found for user ubuntu.
[   72.173687] cloud-init[1276]: Cloud-init v. 18.2 finished at Thu, 17 May 2018 05:05:18 +0000. Datasource DataSourceNoCloud [seed=/dev/sdb][dsmode=net].  Up 72.15 seconds
[[0;32m  OK  [0m] Started Execute cloud user/final scripts.
[[0;32m  OK  [0m] Reached target Cloud-init target.

Ubuntu 16.04.4 LTS ubuntu-xenial ttyS0

ubuntu-xenial login: 